#-----------------------------------------------------------
# Vivado v2019.1 (64-bit)
# SW Build 2552052 on Fri May 24 14:49:42 MDT 2019
# IP Build 2548770 on Fri May 24 18:01:18 MDT 2019
# Start of session at: Wed Dec  2 15:34:55 2020
# Process ID: 12852
# Current directory: D:/backup_files/edge_zynq_codes/EDGE_ZYNQ_7020_CODES/PS_EXAMPLES/OV5640_VGA1/OV5640_VGA1.runs/design_1_v_axi4s_vid_out_0_0_synth_1
# Command line: vivado.exe -log design_1_v_axi4s_vid_out_0_0.vds -product Vivado -mode batch -messageDb vivado.pb -notrace -source design_1_v_axi4s_vid_out_0_0.tcl
# Log file: D:/backup_files/edge_zynq_codes/EDGE_ZYNQ_7020_CODES/PS_EXAMPLES/OV5640_VGA1/OV5640_VGA1.runs/design_1_v_axi4s_vid_out_0_0_synth_1/design_1_v_axi4s_vid_out_0_0.vds
# Journal file: D:/backup_files/edge_zynq_codes/EDGE_ZYNQ_7020_CODES/PS_EXAMPLES/OV5640_VGA1/OV5640_VGA1.runs/design_1_v_axi4s_vid_out_0_0_synth_1\vivado.jou
#-----------------------------------------------------------
source design_1_v_axi4s_vid_out_0_0.tcl -notrace
